[2025-06-07 11:26:16] PhpSpreadsheet class not found. Check vendor/autoload.php and Composer installation.
[2025-06-07 11:36:29] PhpSpreadsheet class not found. Check vendor/autoload.php and Composer installation.
[2025-06-07 11:54:26] PhpSpreadsheet class not found. Check vendor/autoload.php and Composer installation.
